// Jest Snapshot v1, https://goo.gl/fbAQLP

exports[`should render Block with the value 64 1`] = `
<div
  className="Block block-65"
>
  65
</div>
`;

exports[`should render Block without crashing 1`] = `
<div
  className="Block block-0"
/>
`;
