// Jest Snapshot v1, https://goo.gl/fbAQLP

exports[`should render Sidebar without crashing 1`] = `
<aside
  className="Sidebar"
>
  <div
    className="menu_compact"
  >
    <button
      className="btn-menu"
      onClick={[Function]}
    >
      <img
        alt="Ã­cone do menu principal"
        src="icon-hamburger-menu.svg"
      />
    </button>
    <Unknown
      best={0}
      current={0}
    />
  </div>
  <div
    className="menu_full "
    onClick={[Function]}
  >
    <div
      className="menu_full-container"
      onClick={[Function]}
    >
      <h1
        className="title"
      >
        <img
          alt="Logo clone 2048"
          className="logo"
          src="clone-2048.svg"
        />
        <span>
          Clone 2048
        </span>
      </h1>
      <Unknown
        best={0}
        current={0}
      />
      <Connect(Component) />
      <nav
        className="list external-links"
      >
        <a
          className="list-item link-github"
          href="https://github.com/belchior/clone-2048"
        >
          <img
            alt="Logotipo do GitHub"
            className="list-item-image"
            src="icon-github.svg"
          />
          <span
            className="list-item-text"
          >
            Calc no GitHub
          </span>
        </a>
        <a
          className="list-item"
          href="https://github.com/belchior"
        >
          <img
            alt="Fotografia de Belchior Oliveira"
            className="list-item-image"
            src="https://avatars0.githubusercontent.com/u/2656585?v=3"
          />
          <span
            className="list-item-text"
          >
            Belchior Oliveira
          </span>
        </a>
      </nav>
    </div>
  </div>
</aside>
`;
